// Jest Snapshot v1, https://goo.gl/fbAQLP

exports[`When invoked a ListOfUsers component Should render the List of Users page 1`] = `
<View
  style={
    Object {
      "height": "auto",
    }
  }
>
  <View
    style={
      Object {
        "alignSelf": "center",
        "display": "flex",
        "flexDirection": "row",
        "marginTop": 15,
      }
    }
  >
    <Image
      source={
        Object {
          "uri": "https://i.postimg.cc/W4pH9FN9/icons8-github-50.png",
        }
      }
      style={
        Object {
          "height": 50,
          "marginLeft": -40,
          "marginTop": 10,
          "width": 50,
        }
      }
    />
    <TextInput
      autoCapitalize="none"
      defaultValue=""
      onChangeText={[Function]}
      placeholder="Introduce el usuario"
      style={
        Object {
          "backgroundColor": "#caf0f8",
          "borderColor": "#023e8a",
          "borderRadius": 25,
          "borderWidth": 1,
          "height": 50,
          "marginLeft": 20,
          "marginTop": 10,
          "padding": 10,
          "width": 250,
        }
      }
      testID="searchInput"
      value=""
    />
  </View>
  <Text
    style={
      Object {
        "borderBottomColor": "#03045e",
        "borderBottomWidth": 1,
        "color": "#03045e",
        "fontSize": 18,
        "marginLeft": 30,
        "marginTop": 50,
        "width": 400,
      }
    }
  >
    Lista de usuarios
  </Text>
  <RCTScrollView
    style={
      Object {
        "height": "auto",
        "marginTop": 20,
        "width": 500,
      }
    }
  >
    <View>
      <View
        accessible={true}
        focusable={true}
        onClick={[Function]}
        onResponderGrant={[Function]}
        onResponderMove={[Function]}
        onResponderRelease={[Function]}
        onResponderTerminate={[Function]}
        onResponderTerminationRequest={[Function]}
        onStartShouldSetResponder={[Function]}
        style={
          Object {
            "backgroundColor": "#caf0f8",
            "borderColor": "#023e8a",
            "borderRadius": 25,
            "borderWidth": 1,
            "display": "flex",
            "flexDirection": "row",
            "height": 150,
            "justifyContent": "space-around",
            "marginLeft": 30,
            "marginTop": 20,
            "width": 400,
          }
        }
      >
        <Image
          source={
            Object {
              "uri": undefined,
            }
          }
          style={
            Object {
              "borderRadius": 50,
              "height": 100,
              "marginTop": 16,
              "width": 100,
            }
          }
          testID="Josep"
        />
        <Text
          style={
            Object {
              "color": "#03045e",
              "fontSize": 18,
              "marginTop": 50,
              "textTransform": "uppercase",
            }
          }
        >
          Josep
        </Text>
      </View>
      <View
        accessible={true}
        focusable={true}
        onClick={[Function]}
        onResponderGrant={[Function]}
        onResponderMove={[Function]}
        onResponderRelease={[Function]}
        onResponderTerminate={[Function]}
        onResponderTerminationRequest={[Function]}
        onStartShouldSetResponder={[Function]}
        style={
          Object {
            "backgroundColor": "#caf0f8",
            "borderColor": "#023e8a",
            "borderRadius": 25,
            "borderWidth": 1,
            "display": "flex",
            "flexDirection": "row",
            "height": 150,
            "justifyContent": "space-around",
            "marginLeft": 30,
            "marginTop": 20,
            "width": 400,
          }
        }
      >
        <Image
          source={
            Object {
              "uri": undefined,
            }
          }
          style={
            Object {
              "borderRadius": 50,
              "height": 100,
              "marginTop": 16,
              "width": 100,
            }
          }
          testID="Juanito"
        />
        <Text
          style={
            Object {
              "color": "#03045e",
              "fontSize": 18,
              "marginTop": 50,
              "textTransform": "uppercase",
            }
          }
        >
          Juanito
        </Text>
      </View>
      <Text
        style={
          Object {
            "color": "#03045e",
            "fontSize": 12,
            "marginLeft": 280,
            "marginTop": -5,
            "position": "absolute",
          }
        }
      >
        Se han encontrado 
        2
         resultados
      </Text>
    </View>
  </RCTScrollView>
</View>
`;
